// Jest Snapshot v1, https://goo.gl/fbAQLP

exports[`Should render ExpenseListItem correctly 1`] = `
<div>
  <Link
    replace={false}
    to="/edit/2"
  >
    <h3>
      Rent
    </h3>
  </Link>
  <p>
    $
    1095
     - 
    Dec 31, 2016
  </p>
</div>
`;
